Flow report for project
Mon Dec 15 20:31:09 2025
Quartus II 64-Bit Version 13.0.1 Build 232 06/12/2013 Service Pack 1 SJ Web Edition


---------------------
; Table of Contents ;
---------------------
  1. Legal Notice
  2. Flow Summary
  3. Flow Settings
  4. Flow Non-Default Global Settings
  5. Flow Elapsed Time
  6. Flow OS Summary
  7. Flow Log
  8. Flow Messages
  9. Flow Suppressed Messages



----------------
; Legal Notice ;
----------------
Copyright (C) 1991-2013 Altera Corporation
Your use of Altera Corporation's design tools, logic functions 
and other software and tools, and its AMPP partner logic 
functions, and any output files from any of the foregoing 
(including device programming or simulation files), and any 
associated documentation or information are expressly subject 
to the terms and conditions of the Altera Program License 
Subscription Agreement, Altera MegaCore Function License 
Agreement, or other applicable license agreement, including, 
without limitation, that your use is for the sole purpose of 
programming logic devices manufactured by Altera and sold by 
Altera or its authorized distributors.  Please refer to the 
applicable agreement for further details.



+---------------------------------------------------------------------------------------+
; Flow Summary                                                                          ;
+-------------------------------------+-------------------------------------------------+
; Flow Status                         ; Successful - Mon Dec 15 20:30:52 2025           ;
; Quartus II 64-Bit Version           ; 13.0.1 Build 232 06/12/2013 SP 1 SJ Web Edition ;
; Revision Name                       ; project                                         ;
; Top-level Entity Name               ; top                                             ;
; Family                              ; Cyclone V                                       ;
; Device                              ; 5CEBA4F23C7                                     ;
; Timing Models                       ; Final                                           ;
; Logic utilization (in ALMs)         ; 1,281 / 18,480 ( 7 % )                          ;
; Total registers                     ; 1292                                            ;
; Total pins                          ; 80 / 224 ( 36 % )                               ;
; Total virtual pins                  ; 0                                               ;
; Total block memory bits             ; 14,336 / 3,153,920 ( < 1 % )                    ;
; Total DSP Blocks                    ; 0 / 66 ( 0 % )                                  ;
; Total HSSI RX PCSs                  ; 0                                               ;
; Total HSSI PMA RX Deserializers     ; 0                                               ;
; Total HSSI PMA RX ATT Deserializers ; 0                                               ;
; Total HSSI TX PCSs                  ; 0                                               ;
; Total HSSI PMA TX Serializers       ; 0                                               ;
; Total HSSI PMA TX ATT Serializers   ; 0                                               ;
; Total PLLs                          ; 0 / 4 ( 0 % )                                   ;
; Total DLLs                          ; 0 / 4 ( 0 % )                                   ;
+-------------------------------------+-------------------------------------------------+


+-----------------------------------------+
; Flow Settings                           ;
+-------------------+---------------------+
; Option            ; Setting             ;
+-------------------+---------------------+
; Start date & time ; 12/15/2025 20:29:55 ;
; Main task         ; Compilation         ;
; Revision Name     ; project             ;
+-------------------+---------------------+


+----------------------------------------------------------------------------------------------------+
; Flow Non-Default Global Settings                                                                   ;
+-----------------------+---------------------------------+---------------+-------------+------------+
; Assignment Name       ; Value                           ; Default Value ; Entity Name ; Section Id ;
+-----------------------+---------------------------------+---------------+-------------+------------+
; COMPILER_SIGNATURE_ID ; 171983378104480.176584139516284 ; --            ; --          ; --         ;
; FITTER_EFFORT         ; Fast Fit                        ; Auto Fit      ; --          ; --         ;
; FIT_ONLY_ONE_ATTEMPT  ; On                              ; Off           ; --          ; --         ;
; TOP_LEVEL_ENTITY      ; top                             ; project       ; --          ; --         ;
+-----------------------+---------------------------------+---------------+-------------+------------+


+-------------------------------------------------------------------------------------------------------------------------------+
; Flow Elapsed Time                                                                                                             ;
+---------------------------+--------------+-------------------------+---------------------+------------------------------------+
; Module Name               ; Elapsed Time ; Average Processors Used ; Peak Virtual Memory ; Total CPU Time (on all processors) ;
+---------------------------+--------------+-------------------------+---------------------+------------------------------------+
; Analysis & Synthesis      ; 00:00:04     ; 1.0                     ; 4661 MB             ; 00:00:04                           ;
; Fitter                    ; 00:00:46     ; 1.0                     ; 5741 MB             ; 00:00:45                           ;
; Assembler                 ; 00:00:05     ; 1.0                     ; 4733 MB             ; 00:00:05                           ;
; TimeQuest Timing Analyzer ; 00:00:17     ; 1.0                     ; 5209 MB             ; 00:00:16                           ;
; Total                     ; 00:01:12     ; --                      ; --                  ; 00:01:10                           ;
+---------------------------+--------------+-------------------------+---------------------+------------------------------------+


+----------------------------------------------------------------------------------------+
; Flow OS Summary                                                                        ;
+---------------------------+------------------+-----------+------------+----------------+
; Module Name               ; Machine Hostname ; OS Name   ; OS Version ; Processor type ;
+---------------------------+------------------+-----------+------------+----------------+
; Analysis & Synthesis      ; CP-DK-201561     ; Windows 7 ; 6.2        ; x86_64         ;
; Fitter                    ; CP-DK-201561     ; Windows 7 ; 6.2        ; x86_64         ;
; Assembler                 ; CP-DK-201561     ; Windows 7 ; 6.2        ; x86_64         ;
; TimeQuest Timing Analyzer ; CP-DK-201561     ; Windows 7 ; 6.2        ; x86_64         ;
+---------------------------+------------------+-----------+------------+----------------+


------------
; Flow Log ;
------------
quartus_map --read_settings_files=on --source="*.sv *.v" project
quartus_fit --part=5CEBA4F23C7 --effort=fast --one_fit_attempt=on --read_settings_files=on project
quartus_asm project
quartus_sta project



