Analysis & Synthesis report for project
Mon Dec 15 20:29:59 2025
Quartus II 64-Bit Version 13.0.1 Build 232 06/12/2013 Service Pack 1 SJ Web Edition


---------------------
; Table of Contents ;
---------------------
  1. Legal Notice
  2. Analysis & Synthesis Summary
  3. Analysis & Synthesis Settings
  4. Parallel Compilation
  5. Analysis & Synthesis Source Files Read
  6. Analysis & Synthesis Resource Usage Summary
  7. Analysis & Synthesis Resource Utilization by Entity
  8. Analysis & Synthesis RAM Summary
  9. State Machine - |top|riscvmulti:cpu|state
 10. Registers Removed During Synthesis
 11. General Register Statistics
 12. Registers Packed Into Inferred Megafunctions
 13. Multiplexer Restructuring Statistics (Restructuring Performed)
 14. Source assignments for mem:ram|altsyncram:RAM_rtl_0|altsyncram_md22:auto_generated
 15. Source assignments for mem:ram|altsyncram:RAM_rtl_1|altsyncram_md22:auto_generated
 16. Parameter Settings for User Entity Instance: Top-level Entity: |top
 17. Parameter Settings for User Entity Instance: vga:gpu
 18. Parameter Settings for Inferred Entity Instance: mem:ram|altsyncram:RAM_rtl_0
 19. Parameter Settings for Inferred Entity Instance: mem:ram|altsyncram:RAM_rtl_1
 20. altsyncram Parameter Settings by Entity Instance
 21. Port Connectivity Checks: "mem:ram"
 22. Elapsed Time Per Partition
 23. Analysis & Synthesis Messages
 24. Analysis & Synthesis Suppressed Messages



----------------
; Legal Notice ;
----------------
Copyright (C) 1991-2013 Altera Corporation
Your use of Altera Corporation's design tools, logic functions 
and other software and tools, and its AMPP partner logic 
functions, and any output files from any of the foregoing 
(including device programming or simulation files), and any 
associated documentation or information are expressly subject 
to the terms and conditions of the Altera Program License 
Subscription Agreement, Altera MegaCore Function License 
Agreement, or other applicable license agreement, including, 
without limitation, that your use is for the sole purpose of 
programming logic devices manufactured by Altera and sold by 
Altera or its authorized distributors.  Please refer to the 
applicable agreement for further details.



+---------------------------------------------------------------------------------------+
; Analysis & Synthesis Summary                                                          ;
+-------------------------------------+-------------------------------------------------+
; Analysis & Synthesis Status         ; Successful - Mon Dec 15 20:29:59 2025           ;
; Quartus II 64-Bit Version           ; 13.0.1 Build 232 06/12/2013 SP 1 SJ Web Edition ;
; Revision Name                       ; project                                         ;
; Top-level Entity Name               ; top                                             ;
; Family                              ; Cyclone V                                       ;
; Logic utilization (in ALMs)         ; N/A                                             ;
; Total registers                     ; 1220                                            ;
; Total pins                          ; 80                                              ;
; Total virtual pins                  ; 0                                               ;
; Total block memory bits             ; 14,336                                          ;
; Total DSP Blocks                    ; 0                                               ;
; Total HSSI RX PCSs                  ; 0                                               ;
; Total HSSI PMA RX Deserializers     ; 0                                               ;
; Total HSSI PMA RX ATT Deserializers ; 0                                               ;
; Total HSSI TX PCSs                  ; 0                                               ;
; Total HSSI PMA TX Serializers       ; 0                                               ;
; Total HSSI PMA TX ATT Serializers   ; 0                                               ;
; Total PLLs                          ; 0                                               ;
; Total DLLs                          ; 0                                               ;
+-------------------------------------+-------------------------------------------------+


+---------------------------------------------------------------------------------------------------------------------------+
; Analysis & Synthesis Settings                                                                                             ;
+---------------------------------------------------------------------------------+--------------------+--------------------+
; Option                                                                          ; Setting            ; Default Value      ;
+---------------------------------------------------------------------------------+--------------------+--------------------+
; Device                                                                          ; 5CEBA4F23C7        ;                    ;
; Top-level entity name                                                           ; top                ; project            ;
; Family name                                                                     ; Cyclone V          ; Cyclone IV GX      ;
; Use smart compilation                                                           ; Off                ; Off                ;
; Enable parallel Assembler and TimeQuest Timing Analyzer during compilation      ; On                 ; On                 ;
; Enable compact report table                                                     ; Off                ; Off                ;
; Restructure Multiplexers                                                        ; Auto               ; Auto               ;
; MLAB Add Timing Constraints For Mixed-Port Feed-Through Mode Setting Don't Care ; Off                ; Off                ;
; Create Debugging Nodes for IP Cores                                             ; Off                ; Off                ;
; Preserve fewer node names                                                       ; On                 ; On                 ;
; Disable OpenCore Plus hardware evaluation                                       ; Off                ; Off                ;
; Verilog Version                                                                 ; Verilog_2001       ; Verilog_2001       ;
; VHDL Version                                                                    ; VHDL_1993          ; VHDL_1993          ;
; State Machine Processing                                                        ; Auto               ; Auto               ;
; Safe State Machine                                                              ; Off                ; Off                ;
; Extract Verilog State Machines                                                  ; On                 ; On                 ;
; Extract VHDL State Machines                                                     ; On                 ; On                 ;
; Ignore Verilog initial constructs                                               ; Off                ; Off                ;
; Iteration limit for constant Verilog loops                                      ; 5000               ; 5000               ;
; Iteration limit for non-constant Verilog loops                                  ; 250                ; 250                ;
; Add Pass-Through Logic to Inferred RAMs                                         ; On                 ; On                 ;
; Infer RAMs from Raw Logic                                                       ; On                 ; On                 ;
; Parallel Synthesis                                                              ; On                 ; On                 ;
; DSP Block Balancing                                                             ; Auto               ; Auto               ;
; NOT Gate Push-Back                                                              ; On                 ; On                 ;
; Power-Up Don't Care                                                             ; On                 ; On                 ;
; Remove Redundant Logic Cells                                                    ; Off                ; Off                ;
; Remove Duplicate Registers                                                      ; On                 ; On                 ;
; Ignore CARRY Buffers                                                            ; Off                ; Off                ;
; Ignore CASCADE Buffers                                                          ; Off                ; Off                ;
; Ignore GLOBAL Buffers                                                           ; Off                ; Off                ;
; Ignore ROW GLOBAL Buffers                                                       ; Off                ; Off                ;
; Ignore LCELL Buffers                                                            ; Off                ; Off                ;
; Ignore SOFT Buffers                                                             ; On                 ; On                 ;
; Limit AHDL Integers to 32 Bits                                                  ; Off                ; Off                ;
; Optimization Technique                                                          ; Balanced           ; Balanced           ;
; Carry Chain Length                                                              ; 70                 ; 70                 ;
; Auto Carry Chains                                                               ; On                 ; On                 ;
; Auto Open-Drain Pins                                                            ; On                 ; On                 ;
; Perform WYSIWYG Primitive Resynthesis                                           ; Off                ; Off                ;
; Auto ROM Replacement                                                            ; On                 ; On                 ;
; Auto RAM Replacement                                                            ; On                 ; On                 ;
; Auto DSP Block Replacement                                                      ; On                 ; On                 ;
; Auto Shift Register Replacement                                                 ; Auto               ; Auto               ;
; Allow Shift Register Merging across Hierarchies                                 ; Auto               ; Auto               ;
; Auto Clock Enable Replacement                                                   ; On                 ; On                 ;
; Strict RAM Replacement                                                          ; Off                ; Off                ;
; Allow Synchronous Control Signals                                               ; On                 ; On                 ;
; Force Use of Synchronous Clear Signals                                          ; Off                ; Off                ;
; Auto Resource Sharing                                                           ; Off                ; Off                ;
; Allow Any RAM Size For Recognition                                              ; Off                ; Off                ;
; Allow Any ROM Size For Recognition                                              ; Off                ; Off                ;
; Allow Any Shift Register Size For Recognition                                   ; Off                ; Off                ;
; Use LogicLock Constraints during Resource Balancing                             ; On                 ; On                 ;
; Ignore translate_off and synthesis_off directives                               ; Off                ; Off                ;
; Timing-Driven Synthesis                                                         ; On                 ; On                 ;
; Report Parameter Settings                                                       ; On                 ; On                 ;
; Report Source Assignments                                                       ; On                 ; On                 ;
; Report Connectivity Checks                                                      ; On                 ; On                 ;
; Ignore Maximum Fan-Out Assignments                                              ; Off                ; Off                ;
; Synchronization Register Chain Length                                           ; 3                  ; 3                  ;
; PowerPlay Power Optimization                                                    ; Normal compilation ; Normal compilation ;
; HDL message level                                                               ; Level2             ; Level2             ;
; Suppress Register Optimization Related Messages                                 ; Off                ; Off                ;
; Number of Removed Registers Reported in Synthesis Report                        ; 5000               ; 5000               ;
; Number of Swept Nodes Reported in Synthesis Report                              ; 5000               ; 5000               ;
; Number of Inverted Registers Reported in Synthesis Report                       ; 100                ; 100                ;
; Clock MUX Protection                                                            ; On                 ; On                 ;
; Auto Gated Clock Conversion                                                     ; Off                ; Off                ;
; Block Design Naming                                                             ; Auto               ; Auto               ;
; SDC constraint protection                                                       ; Off                ; Off                ;
; Synthesis Effort                                                                ; Auto               ; Auto               ;
; Shift Register Replacement - Allow Asynchronous Clear Signal                    ; On                 ; On                 ;
; Pre-Mapping Resynthesis Optimization                                            ; Off                ; Off                ;
; Analysis & Synthesis Message Level                                              ; Medium             ; Medium             ;
; Disable Register Merging Across Hierarchies                                     ; Auto               ; Auto               ;
; Resource Aware Inference For Block RAM                                          ; On                 ; On                 ;
; Synthesis Seed                                                                  ; 1                  ; 1                  ;
; Automatic Parallel Synthesis                                                    ; Off                ; Off                ;
+---------------------------------------------------------------------------------+--------------------+--------------------+


Parallel compilation was disabled, but you have multiple processors available. Enable parallel compilation to reduce compilation time.
+-------------------------------------+
; Parallel Compilation                ;
+----------------------------+--------+
; Processors                 ; Number ;
+----------------------------+--------+
; Number detected on machine ; 12     ;
; Maximum allowed            ; 1      ;
+----------------------------+--------+


+-----------------------------------------------------------------------------------------------------------------------------------------------------------------------------------------------------+
; Analysis & Synthesis Source Files Read                                                                                                                                                              ;
+-----------------------------------+-----------------+-------------------------------------------------------+-----------------------------------------------------------------------------+---------+
; File Name with User-Entered Path  ; Used in Netlist ; File Type                                             ; File Name with Absolute Path                                                ; Library ;
+-----------------------------------+-----------------+-------------------------------------------------------+-----------------------------------------------------------------------------+---------+
; top.sv                            ; yes             ; Auto-Found SystemVerilog HDL File                     ; C:/Users/842870/Documents/aoc/labs/lav-10/top.sv                            ;         ;
; dec7seg.sv                        ; yes             ; Auto-Found SystemVerilog HDL File                     ; C:/Users/842870/Documents/aoc/labs/lav-10/dec7seg.sv                        ;         ;
; power_on_reset.sv                 ; yes             ; Auto-Found SystemVerilog HDL File                     ; C:/Users/842870/Documents/aoc/labs/lav-10/power_on_reset.sv                 ;         ;
; riscvmulti.sv                     ; yes             ; Auto-Found SystemVerilog HDL File                     ; C:/Users/842870/Documents/aoc/labs/lav-10/riscvmulti.sv                     ;         ;
; mem.sv                            ; yes             ; Auto-Found SystemVerilog HDL File                     ; C:/Users/842870/Documents/aoc/labs/lav-10/mem.sv                            ;         ;
; riscv.hex                         ; yes             ; Auto-Found Hexadecimal (Intel-Format) File            ; C:/Users/842870/Documents/aoc/labs/lav-10/riscv.hex                         ;         ;
; vga.sv                            ; yes             ; Auto-Found SystemVerilog HDL File                     ; C:/Users/842870/Documents/aoc/labs/lav-10/vga.sv                            ;         ;
; altsyncram.tdf                    ; yes             ; Megafunction                                          ; c:/altera/13.0sp1/quartus/libraries/megafunctions/altsyncram.tdf            ;         ;
; stratix_ram_block.inc             ; yes             ; Megafunction                                          ; c:/altera/13.0sp1/quartus/libraries/megafunctions/stratix_ram_block.inc     ;         ;
; lpm_mux.inc                       ; yes             ; Megafunction                                          ; c:/altera/13.0sp1/quartus/libraries/megafunctions/lpm_mux.inc               ;         ;
; lpm_decode.inc                    ; yes             ; Megafunction                                          ; c:/altera/13.0sp1/quartus/libraries/megafunctions/lpm_decode.inc            ;         ;
; aglobal130.inc                    ; yes             ; Megafunction                                          ; c:/altera/13.0sp1/quartus/libraries/megafunctions/aglobal130.inc            ;         ;
; a_rdenreg.inc                     ; yes             ; Megafunction                                          ; c:/altera/13.0sp1/quartus/libraries/megafunctions/a_rdenreg.inc             ;         ;
; altrom.inc                        ; yes             ; Megafunction                                          ; c:/altera/13.0sp1/quartus/libraries/megafunctions/altrom.inc                ;         ;
; altram.inc                        ; yes             ; Megafunction                                          ; c:/altera/13.0sp1/quartus/libraries/megafunctions/altram.inc                ;         ;
; altdpram.inc                      ; yes             ; Megafunction                                          ; c:/altera/13.0sp1/quartus/libraries/megafunctions/altdpram.inc              ;         ;
; db/altsyncram_md22.tdf            ; yes             ; Auto-Generated Megafunction                           ; C:/Users/842870/Documents/aoc/labs/lav-10/db/altsyncram_md22.tdf            ;         ;
; db/project.ram0_mem_1c3ed.hdl.mif ; yes             ; Auto-Generated Auto-Found Memory Initialization File  ; C:/Users/842870/Documents/aoc/labs/lav-10/db/project.ram0_mem_1c3ed.hdl.mif ;         ;
+-----------------------------------+-----------------+-------------------------------------------------------+-----------------------------------------------------------------------------+---------+


+--------------------------------------------------------------+
; Analysis & Synthesis Resource Usage Summary                  ;
+---------------------------------------------+----------------+
; Resource                                    ; Usage          ;
+---------------------------------------------+----------------+
; Estimate of Logic utilization (ALMs needed) ; 1385           ;
;                                             ;                ;
; Combinational ALUT usage for logic          ; 1380           ;
;     -- 7 input functions                    ; 526            ;
;     -- 6 input functions                    ; 276            ;
;     -- 5 input functions                    ; 261            ;
;     -- 4 input functions                    ; 87             ;
;     -- <=3 input functions                  ; 230            ;
;                                             ;                ;
; Dedicated logic registers                   ; 1220           ;
;                                             ;                ;
; I/O pins                                    ; 80             ;
; Total MLAB memory bits                      ; 0              ;
; Total block memory bits                     ; 14336          ;
; Total DSP Blocks                            ; 0              ;
; Maximum fan-out node                        ; CLOCK_50~input ;
; Maximum fan-out                             ; 1253           ;
; Total fan-out                               ; 12422          ;
; Average fan-out                             ; 4.41           ;
+---------------------------------------------+----------------+


+-----------------------------------------------------------------------------------------------------------------------------------------------------------------------------------------------------------------------+
; Analysis & Synthesis Resource Utilization by Entity                                                                                                                                                                   ;
+-------------------------------------------+-------------------+--------------+-------------------+------------+------+--------------+------------------------------------------------------------------+--------------+
; Compilation Hierarchy Node                ; LC Combinationals ; LC Registers ; Block Memory Bits ; DSP Blocks ; Pins ; Virtual Pins ; Full Hierarchy Name                                              ; Library Name ;
+-------------------------------------------+-------------------+--------------+-------------------+------------+------+--------------+------------------------------------------------------------------+--------------+
; |top                                      ; 1380 (9)          ; 1220 (35)    ; 14336             ; 0          ; 80   ; 0            ; |top                                                             ; work         ;
;    |dec7seg:hex0|                         ; 7 (7)             ; 0 (0)        ; 0                 ; 0          ; 0    ; 0            ; |top|dec7seg:hex0                                                ; work         ;
;    |dec7seg:hex1|                         ; 7 (7)             ; 0 (0)        ; 0                 ; 0          ; 0    ; 0            ; |top|dec7seg:hex1                                                ; work         ;
;    |dec7seg:hex2|                         ; 7 (7)             ; 0 (0)        ; 0                 ; 0          ; 0    ; 0            ; |top|dec7seg:hex2                                                ; work         ;
;    |dec7seg:hex3|                         ; 7 (7)             ; 0 (0)        ; 0                 ; 0          ; 0    ; 0            ; |top|dec7seg:hex3                                                ; work         ;
;    |dec7seg:hex4|                         ; 7 (7)             ; 0 (0)        ; 0                 ; 0          ; 0    ; 0            ; |top|dec7seg:hex4                                                ; work         ;
;    |dec7seg:hex5|                         ; 7 (7)             ; 0 (0)        ; 0                 ; 0          ; 0    ; 0            ; |top|dec7seg:hex5                                                ; work         ;
;    |mem:ram|                              ; 9 (9)             ; 0 (0)        ; 14336             ; 0          ; 0    ; 0            ; |top|mem:ram                                                     ; work         ;
;       |altsyncram:RAM_rtl_0|              ; 0 (0)             ; 0 (0)        ; 8192              ; 0          ; 0    ; 0            ; |top|mem:ram|altsyncram:RAM_rtl_0                                ; work         ;
;          |altsyncram_md22:auto_generated| ; 0 (0)             ; 0 (0)        ; 8192              ; 0          ; 0    ; 0            ; |top|mem:ram|altsyncram:RAM_rtl_0|altsyncram_md22:auto_generated ; work         ;
;       |altsyncram:RAM_rtl_1|              ; 0 (0)             ; 0 (0)        ; 6144              ; 0          ; 0    ; 0            ; |top|mem:ram|altsyncram:RAM_rtl_1                                ; work         ;
;          |altsyncram_md22:auto_generated| ; 0 (0)             ; 0 (0)        ; 6144              ; 0          ; 0    ; 0            ; |top|mem:ram|altsyncram:RAM_rtl_1|altsyncram_md22:auto_generated ; work         ;
;    |power_on_reset:por|                   ; 1 (1)             ; 4 (4)        ; 0                 ; 0          ; 0    ; 0            ; |top|power_on_reset:por                                          ; work         ;
;    |riscvmulti:cpu|                       ; 1282 (1282)       ; 1158 (1158)  ; 0                 ; 0          ; 0    ; 0            ; |top|riscvmulti:cpu                                              ; work         ;
;    |vga:gpu|                              ; 37 (37)           ; 23 (23)      ; 0                 ; 0          ; 0    ; 0            ; |top|vga:gpu                                                     ; work         ;
+-------------------------------------------+-------------------+--------------+-------------------+------------+------+--------------+------------------------------------------------------------------+--------------+
Note: For table entries with two numbers listed, the numbers in parentheses indicate the number of resources of the given type used by the specific entity alone. The numbers listed outside of parentheses indicate the total resources of the given type used by the specific entity and all of its sub-entities in the hierarchy.


+---------------------------------------------------------------------------------------------------------------------------------------------------------------------------------------------------------------+
; Analysis & Synthesis RAM Summary                                                                                                                                                                              ;
+------------------------------------------------------------------------+------------+------------------+--------------+--------------+--------------+--------------+------+-----------------------------------+
; Name                                                                   ; Type       ; Mode             ; Port A Depth ; Port A Width ; Port B Depth ; Port B Width ; Size ; MIF                               ;
+------------------------------------------------------------------------+------------+------------------+--------------+--------------+--------------+--------------+------+-----------------------------------+
; mem:ram|altsyncram:RAM_rtl_0|altsyncram_md22:auto_generated|ALTSYNCRAM ; M10K block ; Simple Dual Port ; 256          ; 32           ; 256          ; 32           ; 8192 ; db/project.ram0_mem_1c3ed.hdl.mif ;
; mem:ram|altsyncram:RAM_rtl_1|altsyncram_md22:auto_generated|ALTSYNCRAM ; M10K block ; Simple Dual Port ; 256          ; 32           ; 256          ; 32           ; 8192 ; db/project.ram0_mem_1c3ed.hdl.mif ;
+------------------------------------------------------------------------+------------+------------------+--------------+--------------+--------------+--------------+------+-----------------------------------+


Encoding Type:  One-Hot
+------------------------------------------------------------------------------------------------------------------------------------------+
; State Machine - |top|riscvmulti:cpu|state                                                                                                ;
+-------------------+-------------+-----------------+------------+---------------+------------------+------------------+-------------------+
; Name              ; state.STORE ; state.WAIT_DATA ; state.LOAD ; state.EXECUTE ; state.FETCH_REGS ; state.WAIT_INSTR ; state.FETCH_INSTR ;
+-------------------+-------------+-----------------+------------+---------------+------------------+------------------+-------------------+
; state.FETCH_INSTR ; 0           ; 0               ; 0          ; 0             ; 0                ; 0                ; 0                 ;
; state.WAIT_INSTR  ; 0           ; 0               ; 0          ; 0             ; 0                ; 1                ; 1                 ;
; state.FETCH_REGS  ; 0           ; 0               ; 0          ; 0             ; 1                ; 0                ; 1                 ;
; state.EXECUTE     ; 0           ; 0               ; 0          ; 1             ; 0                ; 0                ; 1                 ;
; state.LOAD        ; 0           ; 0               ; 1          ; 0             ; 0                ; 0                ; 1                 ;
; state.WAIT_DATA   ; 0           ; 1               ; 0          ; 0             ; 0                ; 0                ; 1                 ;
; state.STORE       ; 1           ; 0               ; 0          ; 0             ; 0                ; 0                ; 1                 ;
+-------------------+-------------+-----------------+------------+---------------+------------------+------------------+-------------------+


+--------------------------------------------------------------------------------+
; Registers Removed During Synthesis                                             ;
+---------------------------------------+----------------------------------------+
; Register name                         ; Reason for Removal                     ;
+---------------------------------------+----------------------------------------+
; riscvmulti:cpu|PC[0]                  ; Stuck at GND due to stuck port data_in ;
; riscvmulti:cpu|state~2                ; Lost fanout                            ;
; riscvmulti:cpu|state~3                ; Lost fanout                            ;
; riscvmulti:cpu|state~4                ; Lost fanout                            ;
; Total Number of Removed Registers = 4 ;                                        ;
+---------------------------------------+----------------------------------------+


+------------------------------------------------------+
; General Register Statistics                          ;
+----------------------------------------------+-------+
; Statistic                                    ; Value ;
+----------------------------------------------+-------+
; Total registers                              ; 1220  ;
; Number of registers using Synchronous Clear  ; 114   ;
; Number of registers using Synchronous Load   ; 0     ;
; Number of registers using Asynchronous Clear ; 20    ;
; Number of registers using Asynchronous Load  ; 0     ;
; Number of registers using Clock Enable       ; 1197  ;
; Number of registers using Preset             ; 0     ;
+----------------------------------------------+-------+


+-----------------------------------------------------------------+
; Registers Packed Into Inferred Megafunctions                    ;
+--------------------------------------+-------------------+------+
; Register Name                        ; Megafunction      ; Type ;
+--------------------------------------+-------------------+------+
; mem:ram|rd[0..31]                    ; mem:ram|RAM_rtl_0 ; RAM  ;
; mem:ram|vd[0..5,8..13,16..21,24..29] ; mem:ram|RAM_rtl_1 ; RAM  ;
+--------------------------------------+-------------------+------+


+-----------------------------------------------------------------------------------------------------------------------------------------------------+
; Multiplexer Restructuring Statistics (Restructuring Performed)                                                                                      ;
+--------------------+-----------+---------------+----------------------+------------------------+------------+---------------------------------------+
; Multiplexer Inputs ; Bus Width ; Baseline Area ; Area if Restructured ; Saving if Restructured ; Registered ; Example Multiplexer Output            ;
+--------------------+-----------+---------------+----------------------+------------------------+------------+---------------------------------------+
; 6:1                ; 30 bits   ; 120 LEs       ; 60 LEs               ; 60 LEs                 ; Yes        ; |top|riscvmulti:cpu|PC[21]            ;
; 3:1                ; 8 bits    ; 16 LEs        ; 16 LEs               ; 0 LEs                  ; No         ; |top|riscvmulti:cpu|WriteData[28]     ;
; 3:1                ; 2 bits    ; 4 LEs         ; 4 LEs                ; 0 LEs                  ; No         ; |top|riscvmulti:cpu|STORE_wmask[3]    ;
; 3:1                ; 2 bits    ; 4 LEs         ; 4 LEs                ; 0 LEs                  ; No         ; |top|riscvmulti:cpu|STORE_wmask[0]    ;
; 3:1                ; 4 bits    ; 8 LEs         ; 8 LEs                ; 0 LEs                  ; No         ; |top|riscvmulti:cpu|ShiftRight0       ;
; 3:1                ; 12 bits   ; 24 LEs        ; 24 LEs               ; 0 LEs                  ; No         ; |top|riscvmulti:cpu|ShiftRight0       ;
; 3:1                ; 4 bits    ; 8 LEs         ; 8 LEs                ; 0 LEs                  ; No         ; |top|riscvmulti:cpu|ShiftRight0       ;
; 3:1                ; 6 bits    ; 12 LEs        ; 6 LEs                ; 6 LEs                  ; No         ; |top|riscvmulti:cpu|comb              ;
; 3:1                ; 5 bits    ; 10 LEs        ; 10 LEs               ; 0 LEs                  ; No         ; |top|riscvmulti:cpu|comb              ;
; 3:1                ; 11 bits   ; 22 LEs        ; 11 LEs               ; 11 LEs                 ; No         ; |top|riscvmulti:cpu|comb              ;
; 3:1                ; 8 bits    ; 16 LEs        ; 8 LEs                ; 8 LEs                  ; No         ; |top|riscvmulti:cpu|comb              ;
; 5:1                ; 6 bits    ; 18 LEs        ; 18 LEs               ; 0 LEs                  ; No         ; |top|VGA_R                            ;
; 5:1                ; 3 bits    ; 9 LEs         ; 9 LEs                ; 0 LEs                  ; No         ; |top|riscvmulti:cpu|ShiftRight0       ;
; 14:1               ; 16 bits   ; 144 LEs       ; 128 LEs              ; 16 LEs                 ; No         ; |top|riscvmulti:cpu|writeBackData[25] ;
; 14:1               ; 5 bits    ; 45 LEs        ; 45 LEs               ; 0 LEs                  ; No         ; |top|riscvmulti:cpu|writeBackData[11] ;
; 14:1               ; 4 bits    ; 36 LEs        ; 36 LEs               ; 0 LEs                  ; No         ; |top|riscvmulti:cpu|writeBackData[15] ;
; 15:1               ; 6 bits    ; 60 LEs        ; 54 LEs               ; 6 LEs                  ; No         ; |top|riscvmulti:cpu|writeBackData[1]  ;
+--------------------+-----------+---------------+----------------------+------------------------+------------+---------------------------------------+


+------------------------------------------------------------------------------------+
; Source assignments for mem:ram|altsyncram:RAM_rtl_0|altsyncram_md22:auto_generated ;
+---------------------------------+--------------------+------+----------------------+
; Assignment                      ; Value              ; From ; To                   ;
+---------------------------------+--------------------+------+----------------------+
; OPTIMIZE_POWER_DURING_SYNTHESIS ; NORMAL_COMPILATION ; -    ; -                    ;
+---------------------------------+--------------------+------+----------------------+


+------------------------------------------------------------------------------------+
; Source assignments for mem:ram|altsyncram:RAM_rtl_1|altsyncram_md22:auto_generated ;
+---------------------------------+--------------------+------+----------------------+
; Assignment                      ; Value              ; From ; To                   ;
+---------------------------------+--------------------+------+----------------------+
; OPTIMIZE_POWER_DURING_SYNTHESIS ; NORMAL_COMPILATION ; -    ; -                    ;
+---------------------------------+--------------------+------+----------------------+


+---------------------------------------------------------------------+
; Parameter Settings for User Entity Instance: Top-level Entity: |top ;
+----------------+-------+--------------------------------------------+
; Parameter Name ; Value ; Type                                       ;
+----------------+-------+--------------------------------------------+
; VGA_BITS       ; 4     ; Signed Integer                             ;
+----------------+-------+--------------------------------------------+
Note: In order to hide this table in the UI and the text report file, please set the "Show Parameter Settings in Synthesis Report" option in "Analysis and Synthesis Settings -> More Settings" to "Off".


+------------------------------------------------------+
; Parameter Settings for User Entity Instance: vga:gpu ;
+----------------+-------+-----------------------------+
; Parameter Name ; Value ; Type                        ;
+----------------+-------+-----------------------------+
; WIDTH          ; 640   ; Signed Integer              ;
; HEIGHT         ; 480   ; Signed Integer              ;
; HFRONT         ; 16    ; Signed Integer              ;
; HSYNC          ; 96    ; Signed Integer              ;
; HBACK          ; 48    ; Signed Integer              ;
; HPULSEN        ; 1     ; Signed Integer              ;
; VFRONT         ; 10    ; Signed Integer              ;
; VSYNC          ; 2     ; Signed Integer              ;
; VBACK          ; 33    ; Signed Integer              ;
; VPULSEN        ; 1     ; Signed Integer              ;
+----------------+-------+-----------------------------+
Note: In order to hide this table in the UI and the text report file, please set the "Show Parameter Settings in Synthesis Report" option in "Analysis and Synthesis Settings -> More Settings" to "Off".


+-----------------------------------------------------------------------------------------+
; Parameter Settings for Inferred Entity Instance: mem:ram|altsyncram:RAM_rtl_0           ;
+------------------------------------+-----------------------------------+----------------+
; Parameter Name                     ; Value                             ; Type           ;
+------------------------------------+-----------------------------------+----------------+
; BYTE_SIZE_BLOCK                    ; 8                                 ; Untyped        ;
; AUTO_CARRY_CHAINS                  ; ON                                ; AUTO_CARRY     ;
; IGNORE_CARRY_BUFFERS               ; OFF                               ; IGNORE_CARRY   ;
; AUTO_CASCADE_CHAINS                ; ON                                ; AUTO_CASCADE   ;
; IGNORE_CASCADE_BUFFERS             ; OFF                               ; IGNORE_CASCADE ;
; WIDTH_BYTEENA                      ; 1                                 ; Untyped        ;
; OPERATION_MODE                     ; DUAL_PORT                         ; Untyped        ;
; WIDTH_A                            ; 32                                ; Untyped        ;
; WIDTHAD_A                          ; 8                                 ; Untyped        ;
; NUMWORDS_A                         ; 256                               ; Untyped        ;
; OUTDATA_REG_A                      ; UNREGISTERED                      ; Untyped        ;
; ADDRESS_ACLR_A                     ; NONE                              ; Untyped        ;
; OUTDATA_ACLR_A                     ; NONE                              ; Untyped        ;
; WRCONTROL_ACLR_A                   ; NONE                              ; Untyped        ;
; INDATA_ACLR_A                      ; NONE                              ; Untyped        ;
; BYTEENA_ACLR_A                     ; NONE                              ; Untyped        ;
; WIDTH_B                            ; 32                                ; Untyped        ;
; WIDTHAD_B                          ; 8                                 ; Untyped        ;
; NUMWORDS_B                         ; 256                               ; Untyped        ;
; INDATA_REG_B                       ; CLOCK1                            ; Untyped        ;
; WRCONTROL_WRADDRESS_REG_B          ; CLOCK1                            ; Untyped        ;
; RDCONTROL_REG_B                    ; CLOCK1                            ; Untyped        ;
; ADDRESS_REG_B                      ; CLOCK0                            ; Untyped        ;
; OUTDATA_REG_B                      ; UNREGISTERED                      ; Untyped        ;
; BYTEENA_REG_B                      ; CLOCK1                            ; Untyped        ;
; INDATA_ACLR_B                      ; NONE                              ; Untyped        ;
; WRCONTROL_ACLR_B                   ; NONE                              ; Untyped        ;
; ADDRESS_ACLR_B                     ; NONE                              ; Untyped        ;
; OUTDATA_ACLR_B                     ; NONE                              ; Untyped        ;
; RDCONTROL_ACLR_B                   ; NONE                              ; Untyped        ;
; BYTEENA_ACLR_B                     ; NONE                              ; Untyped        ;
; WIDTH_BYTEENA_A                    ; 4                                 ; Untyped        ;
; WIDTH_BYTEENA_B                    ; 4                                 ; Untyped        ;
; RAM_BLOCK_TYPE                     ; M10K                              ; Untyped        ;
; BYTE_SIZE                          ; 8                                 ; Untyped        ;
; READ_DURING_WRITE_MODE_MIXED_PORTS ; OLD_DATA                          ; Untyped        ;
; READ_DURING_WRITE_MODE_PORT_A      ; NEW_DATA_NO_NBE_READ              ; Untyped        ;
; READ_DURING_WRITE_MODE_PORT_B      ; NEW_DATA_NO_NBE_READ              ; Untyped        ;
; INIT_FILE                          ; db/project.ram0_mem_1c3ed.hdl.mif ; Untyped        ;
; INIT_FILE_LAYOUT                   ; PORT_A                            ; Untyped        ;
; MAXIMUM_DEPTH                      ; 0                                 ; Untyped        ;
; CLOCK_ENABLE_INPUT_A               ; NORMAL                            ; Untyped        ;
; CLOCK_ENABLE_INPUT_B               ; NORMAL                            ; Untyped        ;
; CLOCK_ENABLE_OUTPUT_A              ; NORMAL                            ; Untyped        ;
; CLOCK_ENABLE_OUTPUT_B              ; NORMAL                            ; Untyped        ;
; CLOCK_ENABLE_CORE_A                ; USE_INPUT_CLKEN                   ; Untyped        ;
; CLOCK_ENABLE_CORE_B                ; USE_INPUT_CLKEN                   ; Untyped        ;
; ENABLE_ECC                         ; FALSE                             ; Untyped        ;
; ECC_PIPELINE_STAGE_ENABLED         ; FALSE                             ; Untyped        ;
; WIDTH_ECCSTATUS                    ; 3                                 ; Untyped        ;
; DEVICE_FAMILY                      ; Cyclone V                         ; Untyped        ;
; CBXI_PARAMETER                     ; altsyncram_md22                   ; Untyped        ;
+------------------------------------+-----------------------------------+----------------+
Note: In order to hide this table in the UI and the text report file, please set the "Show Parameter Settings in Synthesis Report" option in "Analysis and Synthesis Settings -> More Settings" to "Off".


+-----------------------------------------------------------------------------------------+
; Parameter Settings for Inferred Entity Instance: mem:ram|altsyncram:RAM_rtl_1           ;
+------------------------------------+-----------------------------------+----------------+
; Parameter Name                     ; Value                             ; Type           ;
+------------------------------------+-----------------------------------+----------------+
; BYTE_SIZE_BLOCK                    ; 8                                 ; Untyped        ;
; AUTO_CARRY_CHAINS                  ; ON                                ; AUTO_CARRY     ;
; IGNORE_CARRY_BUFFERS               ; OFF                               ; IGNORE_CARRY   ;
; AUTO_CASCADE_CHAINS                ; ON                                ; AUTO_CASCADE   ;
; IGNORE_CASCADE_BUFFERS             ; OFF                               ; IGNORE_CASCADE ;
; WIDTH_BYTEENA                      ; 1                                 ; Untyped        ;
; OPERATION_MODE                     ; DUAL_PORT                         ; Untyped        ;
; WIDTH_A                            ; 32                                ; Untyped        ;
; WIDTHAD_A                          ; 8                                 ; Untyped        ;
; NUMWORDS_A                         ; 256                               ; Untyped        ;
; OUTDATA_REG_A                      ; UNREGISTERED                      ; Untyped        ;
; ADDRESS_ACLR_A                     ; NONE                              ; Untyped        ;
; OUTDATA_ACLR_A                     ; NONE                              ; Untyped        ;
; WRCONTROL_ACLR_A                   ; NONE                              ; Untyped        ;
; INDATA_ACLR_A                      ; NONE                              ; Untyped        ;
; BYTEENA_ACLR_A                     ; NONE                              ; Untyped        ;
; WIDTH_B                            ; 32                                ; Untyped        ;
; WIDTHAD_B                          ; 8                                 ; Untyped        ;
; NUMWORDS_B                         ; 256                               ; Untyped        ;
; INDATA_REG_B                       ; CLOCK1                            ; Untyped        ;
; WRCONTROL_WRADDRESS_REG_B          ; CLOCK1                            ; Untyped        ;
; RDCONTROL_REG_B                    ; CLOCK1                            ; Untyped        ;
; ADDRESS_REG_B                      ; CLOCK0                            ; Untyped        ;
; OUTDATA_REG_B                      ; UNREGISTERED                      ; Untyped        ;
; BYTEENA_REG_B                      ; CLOCK1                            ; Untyped        ;
; INDATA_ACLR_B                      ; NONE                              ; Untyped        ;
; WRCONTROL_ACLR_B                   ; NONE                              ; Untyped        ;
; ADDRESS_ACLR_B                     ; NONE                              ; Untyped        ;
; OUTDATA_ACLR_B                     ; NONE                              ; Untyped        ;
; RDCONTROL_ACLR_B                   ; NONE                              ; Untyped        ;
; BYTEENA_ACLR_B                     ; NONE                              ; Untyped        ;
; WIDTH_BYTEENA_A                    ; 4                                 ; Untyped        ;
; WIDTH_BYTEENA_B                    ; 4                                 ; Untyped        ;
; RAM_BLOCK_TYPE                     ; M10K                              ; Untyped        ;
; BYTE_SIZE                          ; 8                                 ; Untyped        ;
; READ_DURING_WRITE_MODE_MIXED_PORTS ; OLD_DATA                          ; Untyped        ;
; READ_DURING_WRITE_MODE_PORT_A      ; NEW_DATA_NO_NBE_READ              ; Untyped        ;
; READ_DURING_WRITE_MODE_PORT_B      ; NEW_DATA_NO_NBE_READ              ; Untyped        ;
; INIT_FILE                          ; db/project.ram0_mem_1c3ed.hdl.mif ; Untyped        ;
; INIT_FILE_LAYOUT                   ; PORT_A                            ; Untyped        ;
; MAXIMUM_DEPTH                      ; 0                                 ; Untyped        ;
; CLOCK_ENABLE_INPUT_A               ; NORMAL                            ; Untyped        ;
; CLOCK_ENABLE_INPUT_B               ; NORMAL                            ; Untyped        ;
; CLOCK_ENABLE_OUTPUT_A              ; NORMAL                            ; Untyped        ;
; CLOCK_ENABLE_OUTPUT_B              ; NORMAL                            ; Untyped        ;
; CLOCK_ENABLE_CORE_A                ; USE_INPUT_CLKEN                   ; Untyped        ;
; CLOCK_ENABLE_CORE_B                ; USE_INPUT_CLKEN                   ; Untyped        ;
; ENABLE_ECC                         ; FALSE                             ; Untyped        ;
; ECC_PIPELINE_STAGE_ENABLED         ; FALSE                             ; Untyped        ;
; WIDTH_ECCSTATUS                    ; 3                                 ; Untyped        ;
; DEVICE_FAMILY                      ; Cyclone V                         ; Untyped        ;
; CBXI_PARAMETER                     ; altsyncram_md22                   ; Untyped        ;
+------------------------------------+-----------------------------------+----------------+
Note: In order to hide this table in the UI and the text report file, please set the "Show Parameter Settings in Synthesis Report" option in "Analysis and Synthesis Settings -> More Settings" to "Off".


+--------------------------------------------------------------------------+
; altsyncram Parameter Settings by Entity Instance                         ;
+-------------------------------------------+------------------------------+
; Name                                      ; Value                        ;
+-------------------------------------------+------------------------------+
; Number of entity instances                ; 2                            ;
; Entity Instance                           ; mem:ram|altsyncram:RAM_rtl_0 ;
;     -- OPERATION_MODE                     ; DUAL_PORT                    ;
;     -- WIDTH_A                            ; 32                           ;
;     -- NUMWORDS_A                         ; 256                          ;
;     -- OUTDATA_REG_A                      ; UNREGISTERED                 ;
;     -- WIDTH_B                            ; 32                           ;
;     -- NUMWORDS_B                         ; 256                          ;
;     -- ADDRESS_REG_B                      ; CLOCK0                       ;
;     -- OUTDATA_REG_B                      ; UNREGISTERED                 ;
;     -- RAM_BLOCK_TYPE                     ; M10K                         ;
;     -- READ_DURING_WRITE_MODE_MIXED_PORTS ; OLD_DATA                     ;
; Entity Instance                           ; mem:ram|altsyncram:RAM_rtl_1 ;
;     -- OPERATION_MODE                     ; DUAL_PORT                    ;
;     -- WIDTH_A                            ; 32                           ;
;     -- NUMWORDS_A                         ; 256                          ;
;     -- OUTDATA_REG_A                      ; UNREGISTERED                 ;
;     -- WIDTH_B                            ; 32                           ;
;     -- NUMWORDS_B                         ; 256                          ;
;     -- ADDRESS_REG_B                      ; CLOCK0                       ;
;     -- OUTDATA_REG_B                      ; UNREGISTERED                 ;
;     -- RAM_BLOCK_TYPE                     ; M10K                         ;
;     -- READ_DURING_WRITE_MODE_MIXED_PORTS ; OLD_DATA                     ;
+-------------------------------------------+------------------------------+


+----------------------------------------------------------------------------------------------------------------------+
; Port Connectivity Checks: "mem:ram"                                                                                  ;
+------------+--------+----------+-------------------------------------------------------------------------------------+
; Port       ; Type   ; Severity ; Details                                                                             ;
+------------+--------+----------+-------------------------------------------------------------------------------------+
; vd[31..30] ; Output ; Info     ; Connected to dangling logic. Logic that only feeds a dangling port will be removed. ;
; vd[23..22] ; Output ; Info     ; Connected to dangling logic. Logic that only feeds a dangling port will be removed. ;
; vd[15..14] ; Output ; Info     ; Connected to dangling logic. Logic that only feeds a dangling port will be removed. ;
; vd[7..6]   ; Output ; Info     ; Connected to dangling logic. Logic that only feeds a dangling port will be removed. ;
+------------+--------+----------+-------------------------------------------------------------------------------------+


+-------------------------------+
; Elapsed Time Per Partition    ;
+----------------+--------------+
; Partition Name ; Elapsed Time ;
+----------------+--------------+
; Top            ; 00:00:03     ;
+----------------+--------------+


+-------------------------------+
; Analysis & Synthesis Messages ;
+-------------------------------+
Info: *******************************************************************
Info: Running Quartus II 64-Bit Analysis & Synthesis
    Info: Version 13.0.1 Build 232 06/12/2013 Service Pack 1 SJ Web Edition
    Info: Copyright (C) 1991-2013 Altera Corporation. All rights reserved.
    Info: Your use of Altera Corporation's design tools, logic functions 
    Info: and other software and tools, and its AMPP partner logic 
    Info: functions, and any output files from any of the foregoing 
    Info: (including device programming or simulation files), and any 
    Info: associated documentation or information are expressly subject 
    Info: to the terms and conditions of the Altera Program License 
    Info: Subscription Agreement, Altera MegaCore Function License 
    Info: Agreement, or other applicable license agreement, including, 
    Info: without limitation, that your use is for the sole purpose of 
    Info: programming logic devices manufactured by Altera and sold by 
    Info: Altera or its authorized distributors.  Please refer to the 
    Info: applicable agreement for further details.
    Info: Processing started: Mon Dec 15 20:29:54 2025
Info: Command: quartus_map --read_settings_files=on --source="*.sv *.v" project
Warning (20028): Parallel compilation is not licensed and has been disabled
Warning (12019): Can't analyze file -- file *.sv *.v is missing
Warning (12125): Using design file top.sv, which is not specified as a design file for the current project, but contains definitions for 1 design units and 1 entities in project
    Info (12023): Found entity 1: top
Info (12127): Elaborating entity "top" for the top level hierarchy
Warning (10230): Verilog HDL assignment warning at top.sv(51): truncated value with size 32 to match size of target (10)
Warning (10230): Verilog HDL assignment warning at top.sv(53): truncated value with size 32 to match size of target (24)
Warning (10230): Verilog HDL assignment warning at top.sv(56): truncated value with size 32 to match size of target (4)
Warning (10230): Verilog HDL assignment warning at top.sv(57): truncated value with size 32 to match size of target (4)
Warning (10230): Verilog HDL assignment warning at top.sv(58): truncated value with size 32 to match size of target (4)
Warning (12125): Using design file dec7seg.sv, which is not specified as a design file for the current project, but contains definitions for 1 design units and 1 entities in project
    Info (12023): Found entity 1: dec7seg
Info (12128): Elaborating entity "dec7seg" for hierarchy "dec7seg:hex0"
Warning (12125): Using design file power_on_reset.sv, which is not specified as a design file for the current project, but contains definitions for 1 design units and 1 entities in project
    Info (12023): Found entity 1: power_on_reset
Info (12128): Elaborating entity "power_on_reset" for hierarchy "power_on_reset:por"
Warning (10230): Verilog HDL assignment warning at power_on_reset.sv(8): truncated value with size 5 to match size of target (4)
Warning (12125): Using design file riscvmulti.sv, which is not specified as a design file for the current project, but contains definitions for 1 design units and 1 entities in project
    Info (12023): Found entity 1: riscvmulti
Info (12128): Elaborating entity "riscvmulti" for hierarchy "riscvmulti:cpu"
Warning (10036): Verilog HDL or VHDL warning at riscvmulti.sv(23): object "LoadStoreAddress" assigned a value but never read
Warning (10036): Verilog HDL or VHDL warning at riscvmulti.sv(81): object "isALUimm" assigned a value but never read
Warning (10036): Verilog HDL or VHDL warning at riscvmulti.sv(115): object "shamt" assigned a value but never read
Warning (10230): Verilog HDL assignment warning at riscvmulti.sv(138): truncated value with size 33 to match size of target (32)
Warning (12125): Using design file mem.sv, which is not specified as a design file for the current project, but contains definitions for 1 design units and 1 entities in project
    Info (12023): Found entity 1: mem
Info (12128): Elaborating entity "mem" for hierarchy "mem:ram"
Warning (10850): Verilog HDL warning at mem.sv(20): number of words (85) in memory file does not match the number of elements in the address range [0:255]
Warning (12125): Using design file vga.sv, which is not specified as a design file for the current project, but contains definitions for 1 design units and 1 entities in project
    Info (12023): Found entity 1: vga
Info (12128): Elaborating entity "vga" for hierarchy "vga:gpu"
Warning (10230): Verilog HDL assignment warning at vga.sv(15): truncated value with size 10 to match size of target (6)
Warning (10230): Verilog HDL assignment warning at vga.sv(16): truncated value with size 10 to match size of target (6)
Info (276014): Found 1 instances of uninferred RAM logic
    Info (276007): RAM logic "riscvmulti:cpu|RegisterBank" is uninferred due to asynchronous read logic
Info (19000): Inferred 2 megafunctions from design logic
    Info (276029): Inferred altsyncram megafunction from the following design logic: "mem:ram|RAM_rtl_0" 
        Info (286033): Parameter OPERATION_MODE set to DUAL_PORT
        Info (286033): Parameter WIDTH_A set to 32
        Info (286033): Parameter WIDTHAD_A set to 8
        Info (286033): Parameter NUMWORDS_A set to 256
        Info (286033): Parameter WIDTH_B set to 32
        Info (286033): Parameter WIDTHAD_B set to 8
        Info (286033): Parameter NUMWORDS_B set to 256
        Info (286033): Parameter WIDTH_BYTEENA_A set to 4
        Info (286033): Parameter WIDTH_BYTEENA_B set to 4
        Info (286033): Parameter ADDRESS_ACLR_A set to NONE
        Info (286033): Parameter OUTDATA_REG_B set to UNREGISTERED
        Info (286033): Parameter ADDRESS_ACLR_B set to NONE
        Info (286033): Parameter OUTDATA_ACLR_B set to NONE
        Info (286033): Parameter ADDRESS_REG_B set to CLOCK0
        Info (286033): Parameter INDATA_ACLR_A set to NONE
        Info (286033): Parameter WRCONTROL_ACLR_A set to NONE
        Info (286033): Parameter RAM_BLOCK_TYPE set to M10K
        Info (286033): Parameter INIT_FILE set to db/project.ram0_mem_1c3ed.hdl.mif
        Info (286033): Parameter READ_DURING_WRITE_MODE_MIXED_PORTS set to OLD_DATA
    Info (276029): Inferred altsyncram megafunction from the following design logic: "mem:ram|RAM_rtl_1" 
        Info (286033): Parameter OPERATION_MODE set to DUAL_PORT
        Info (286033): Parameter WIDTH_A set to 32
        Info (286033): Parameter WIDTHAD_A set to 8
        Info (286033): Parameter NUMWORDS_A set to 256
        Info (286033): Parameter WIDTH_B set to 32
        Info (286033): Parameter WIDTHAD_B set to 8
        Info (286033): Parameter NUMWORDS_B set to 256
        Info (286033): Parameter WIDTH_BYTEENA_A set to 4
        Info (286033): Parameter WIDTH_BYTEENA_B set to 4
        Info (286033): Parameter ADDRESS_ACLR_A set to NONE
        Info (286033): Parameter OUTDATA_REG_B set to UNREGISTERED
        Info (286033): Parameter ADDRESS_ACLR_B set to NONE
        Info (286033): Parameter OUTDATA_ACLR_B set to NONE
        Info (286033): Parameter ADDRESS_REG_B set to CLOCK0
        Info (286033): Parameter INDATA_ACLR_A set to NONE
        Info (286033): Parameter WRCONTROL_ACLR_A set to NONE
        Info (286033): Parameter RAM_BLOCK_TYPE set to M10K
        Info (286033): Parameter INIT_FILE set to db/project.ram0_mem_1c3ed.hdl.mif
        Info (286033): Parameter READ_DURING_WRITE_MODE_MIXED_PORTS set to OLD_DATA
Info (12130): Elaborated megafunction instantiation "mem:ram|altsyncram:RAM_rtl_0"
Info (12133): Instantiated megafunction "mem:ram|altsyncram:RAM_rtl_0" with the following parameter:
    Info (12134): Parameter "OPERATION_MODE" = "DUAL_PORT"
    Info (12134): Parameter "WIDTH_A" = "32"
    Info (12134): Parameter "WIDTHAD_A" = "8"
    Info (12134): Parameter "NUMWORDS_A" = "256"
    Info (12134): Parameter "WIDTH_B" = "32"
    Info (12134): Parameter "WIDTHAD_B" = "8"
    Info (12134): Parameter "NUMWORDS_B" = "256"
    Info (12134): Parameter "WIDTH_BYTEENA_A" = "4"
    Info (12134): Parameter "WIDTH_BYTEENA_B" = "4"
    Info (12134): Parameter "ADDRESS_ACLR_A" = "NONE"
    Info (12134): Parameter "OUTDATA_REG_B" = "UNREGISTERED"
    Info (12134): Parameter "ADDRESS_ACLR_B" = "NONE"
    Info (12134): Parameter "OUTDATA_ACLR_B" = "NONE"
    Info (12134): Parameter "ADDRESS_REG_B" = "CLOCK0"
    Info (12134): Parameter "INDATA_ACLR_A" = "NONE"
    Info (12134): Parameter "WRCONTROL_ACLR_A" = "NONE"
    Info (12134): Parameter "RAM_BLOCK_TYPE" = "M10K"
    Info (12134): Parameter "INIT_FILE" = "db/project.ram0_mem_1c3ed.hdl.mif"
    Info (12134): Parameter "READ_DURING_WRITE_MODE_MIXED_PORTS" = "OLD_DATA"
Info (12021): Found 1 design units, including 1 entities, in source file db/altsyncram_md22.tdf
    Info (12023): Found entity 1: altsyncram_md22
Warning (287013): Variable or input pin "byteena_b" is defined but never used.
Warning (127007): Memory Initialization File or Hexadecimal (Intel-Format) File "C:/Users/842870/Documents/aoc/labs/lav-10/db/project.ram0_mem_1c3ed.hdl.mif" contains "don't care" values -- overwriting them with 0s
Warning (127007): Memory Initialization File or Hexadecimal (Intel-Format) File "C:/Users/842870/Documents/aoc/labs/lav-10/db/project.ram0_mem_1c3ed.hdl.mif" contains "don't care" values -- overwriting them with 0s
Info (12130): Elaborated megafunction instantiation "mem:ram|altsyncram:RAM_rtl_1"
Info (12133): Instantiated megafunction "mem:ram|altsyncram:RAM_rtl_1" with the following parameter:
    Info (12134): Parameter "OPERATION_MODE" = "DUAL_PORT"
    Info (12134): Parameter "WIDTH_A" = "32"
    Info (12134): Parameter "WIDTHAD_A" = "8"
    Info (12134): Parameter "NUMWORDS_A" = "256"
    Info (12134): Parameter "WIDTH_B" = "32"
    Info (12134): Parameter "WIDTHAD_B" = "8"
    Info (12134): Parameter "NUMWORDS_B" = "256"
    Info (12134): Parameter "WIDTH_BYTEENA_A" = "4"
    Info (12134): Parameter "WIDTH_BYTEENA_B" = "4"
    Info (12134): Parameter "ADDRESS_ACLR_A" = "NONE"
    Info (12134): Parameter "OUTDATA_REG_B" = "UNREGISTERED"
    Info (12134): Parameter "ADDRESS_ACLR_B" = "NONE"
    Info (12134): Parameter "OUTDATA_ACLR_B" = "NONE"
    Info (12134): Parameter "ADDRESS_REG_B" = "CLOCK0"
    Info (12134): Parameter "INDATA_ACLR_A" = "NONE"
    Info (12134): Parameter "WRCONTROL_ACLR_A" = "NONE"
    Info (12134): Parameter "RAM_BLOCK_TYPE" = "M10K"
    Info (12134): Parameter "INIT_FILE" = "db/project.ram0_mem_1c3ed.hdl.mif"
    Info (12134): Parameter "READ_DURING_WRITE_MODE_MIXED_PORTS" = "OLD_DATA"
Warning (14284): Synthesized away the following node(s):
    Warning (14285): Synthesized away the following RAM node(s):
        Warning (14320): Synthesized away node "mem:ram|altsyncram:RAM_rtl_1|altsyncram_md22:auto_generated|ram_block1a6"
        Warning (14320): Synthesized away node "mem:ram|altsyncram:RAM_rtl_1|altsyncram_md22:auto_generated|ram_block1a7"
        Warning (14320): Synthesized away node "mem:ram|altsyncram:RAM_rtl_1|altsyncram_md22:auto_generated|ram_block1a14"
        Warning (14320): Synthesized away node "mem:ram|altsyncram:RAM_rtl_1|altsyncram_md22:auto_generated|ram_block1a15"
        Warning (14320): Synthesized away node "mem:ram|altsyncram:RAM_rtl_1|altsyncram_md22:auto_generated|ram_block1a22"
        Warning (14320): Synthesized away node "mem:ram|altsyncram:RAM_rtl_1|altsyncram_md22:auto_generated|ram_block1a23"
        Warning (14320): Synthesized away node "mem:ram|altsyncram:RAM_rtl_1|altsyncram_md22:auto_generated|ram_block1a30"
        Warning (14320): Synthesized away node "mem:ram|altsyncram:RAM_rtl_1|altsyncram_md22:auto_generated|ram_block1a31"
Warning (13024): Output pins are stuck at VCC or GND
    Warning (13410): Pin "VGA_R[0]" is stuck at GND
    Warning (13410): Pin "VGA_R[1]" is stuck at GND
    Warning (13410): Pin "VGA_G[0]" is stuck at GND
    Warning (13410): Pin "VGA_G[1]" is stuck at GND
    Warning (13410): Pin "VGA_B[0]" is stuck at GND
    Warning (13410): Pin "VGA_B[1]" is stuck at GND
    Warning (13410): Pin "VGA_BLANK_N" is stuck at VCC
    Warning (13410): Pin "VGA_SYNC_N" is stuck at GND
Info (286030): Timing-Driven Synthesis is running
Info (17049): 3 registers lost all their fanouts during netlist optimizations.
Info (144001): Generated suppressed messages file C:/Users/842870/Documents/aoc/labs/lav-10/project.map.smsg
Info (16010): Generating hard_block partition "hard_block:auto_generated_inst"
    Info (16011): Adding 0 node(s), including 0 DDIO, 0 PLL, 0 transceiver and 0 LCELL
Warning (21074): Design contains 10 input pin(s) that do not drive logic
    Warning (15610): No output dependent on input pin "SW[0]"
    Warning (15610): No output dependent on input pin "SW[1]"
    Warning (15610): No output dependent on input pin "SW[2]"
    Warning (15610): No output dependent on input pin "SW[3]"
    Warning (15610): No output dependent on input pin "SW[4]"
    Warning (15610): No output dependent on input pin "SW[5]"
    Warning (15610): No output dependent on input pin "SW[6]"
    Warning (15610): No output dependent on input pin "SW[7]"
    Warning (15610): No output dependent on input pin "SW[8]"
    Warning (15610): No output dependent on input pin "SW[9]"
Info (21057): Implemented 2612 device resources after synthesis - the final resource count might be different
    Info (21058): Implemented 11 input pins
    Info (21059): Implemented 69 output pins
    Info (21061): Implemented 2476 logic cells
    Info (21064): Implemented 56 RAM segments
Info: Quartus II 64-Bit Analysis & Synthesis was successful. 0 errors, 54 warnings
    Info: Peak virtual memory: 4671 megabytes
    Info: Processing ended: Mon Dec 15 20:29:59 2025
    Info: Elapsed time: 00:00:05
    Info: Total CPU time (on all processors): 00:00:04


+------------------------------------------+
; Analysis & Synthesis Suppressed Messages ;
+------------------------------------------+
The suppressed messages can be found in C:/Users/842870/Documents/aoc/labs/lav-10/project.map.smsg.


