
riscv.elf:     file format elf32-littleriscv


Disassembly of section .text:

00000000 <_start>:
   0:	20000413          	li	s0,512
   4:	32c00493          	li	s1,812
   8:	10c00913          	li	s2,268

0000000c <loop>:
   c:	08000513          	li	a0,128

00000010 <delay>:
  10:	fff50513          	addi	a0,a0,-1
  14:	fe051ee3          	bnez	a0,10 <delay>
  18:	00042283          	lw	t0,0(s0)
  1c:	00128293          	addi	t0,t0,1
  20:	00542023          	sw	t0,0(s0)
  24:	00592023          	sw	t0,0(s2)
  28:	00440413          	addi	s0,s0,4
  2c:	fe9410e3          	bne	s0,s1,c <loop>
  30:	fd1ff06f          	j	0 <_start>

Disassembly of section .data:

00000200 <frame_buffer>:
	...

Disassembly of section .riscv.attributes:

00000000 <.riscv.attributes>:
   0:	1941                	.insn	2, 0x1941
   2:	0000                	.insn	2, 0x
   4:	7200                	.insn	2, 0x7200
   6:	7369                	.insn	2, 0x7369
   8:	01007663          	bgeu	zero,a6,14 <delay+0x4>
   c:	0000000f          	fence	unknown,unknown
  10:	7205                	.insn	2, 0x7205
  12:	3376                	.insn	2, 0x3376
  14:	6932                	.insn	2, 0x6932
  16:	7032                	.insn	2, 0x7032
  18:	0031                	.insn	2, 0x0031
