
riscv.elf:     file format elf32-littleriscv


Disassembly of section .text:

00000000 <_start>:
   0:	20000413          	li	s0,512
   4:	32c00493          	li	s1,812
   8:	10c00913          	li	s2,268

0000000c <render_loop>:
   c:	00945c63          	bge	s0,s1,24 <end>
  10:	00040283          	lb	t0,0(s0)
  14:	00590023          	sb	t0,0(s2)
  18:	00140413          	addi	s0,s0,1
  1c:	00190913          	addi	s2,s2,1
  20:	fedff06f          	j	c <render_loop>

00000024 <end>:
  24:	0000006f          	j	24 <end>

Disassembly of section .data:

00000200 <frame_buffer>:
 200:	ff300c03          	lb	s8,-13(zero) # fffffff3 <frame_end+0xfffffcc7>
 204:	333c                	.insn	2, 0x333c
 206:	aaaa000f          	.insn	4, 0xaaaa000f
 20a:	aaaa                	.insn	2, 0xaaaa
 20c:	333c                	.insn	2, 0x333c
 20e:	0c03000f          	.insn	4, 0x0c03000f
 212:	ff30                	.insn	2, 0xff30
	...
 318:	ff300c03          	lb	s8,-13(zero) # fffffff3 <frame_end+0xfffffcc7>
 31c:	333c                	.insn	2, 0x333c
 31e:	aaaa000f          	.insn	4, 0xaaaa000f
 322:	aaaa                	.insn	2, 0xaaaa
 324:	333c                	.insn	2, 0x333c
 326:	0c03000f          	.insn	4, 0x0c03000f
 32a:	ff30                	.insn	2, 0xff30

Disassembly of section .riscv.attributes:

00000000 <.riscv.attributes>:
   0:	1941                	.insn	2, 0x1941
   2:	0000                	.insn	2, 0x
   4:	7200                	.insn	2, 0x7200
   6:	7369                	.insn	2, 0x7369
   8:	01007663          	bgeu	zero,a6,14 <render_loop+0x8>
   c:	0000000f          	fence	unknown,unknown
  10:	7205                	.insn	2, 0x7205
  12:	3376                	.insn	2, 0x3376
  14:	6932                	.insn	2, 0x6932
  16:	7032                	.insn	2, 0x7032
  18:	0031                	.insn	2, 0x0031
